error 1
error 2
error 3
/logs